[www.flashgamehacks.com/hacked/70-ducklife-4.html]
[backblue.gif]
[fade.gif]
[index.html]
[www.flashgamehacks.com/files/styleb6f5.css]
[www.flashgamehacks.com/files/javascript30f4.js]
[code.jquery.com/jquery-latest.min.js]
[www.flashgamehacks.com/files/jquery.slides.min.js]
[www.flashgamehacks.com/files/jquery.idTabs.min.js]
[connect.facebook.net/en_US/all.js]
[apis.google.com/js/plusone.js]
[www.flashgamehacks.com/img/Ducklife4-loaderp.jpg]
[www.flashgamehacks.com/js/ruffleb59c.js]
[www.flashgamehacks.com/images/tup.png]
[www.flashgamehacks.com/images/tdown.png]
[www.flashgamehacks.com/hacked/2-swords-and-sandals-2.html]
[www.flashgamehacks.com/img/ss2-loaderp.jpg]
[www.flashgamehacks.com/hacked/17-the-last-stand-union-city.html]
[www.flashgamehacks.com/img/the-last-stand-union-city-loaderp.jpg]
[www.flashgamehacks.com/hacked/109-douchebag-workout-2.html]
[www.flashgamehacks.com/img/douchebagworkout2-loaderp.jpg]
[www.flashgamehacks.com/hacked/32-learn-to-fly-2.html]
[www.flashgamehacks.com/img/learn-to-fly-2-loaderp.jpg]
[www.flashgamehacks.com/hacked/27-super-smash-flash.html]
[www.flashgamehacks.com/img/ssf-loaderp.jpg]
[www.flashgamehacks.com/hacked/24-swords-and-sandals-3.html]
[www.flashgamehacks.com/img/swords-and-sandals-3-loaderp.jpg]
[www.flashgamehacks.com/hacked/1617-combat-tournament-legends-v-2-2.html]
[www.flashgamehacks.com/img/combattournamentlegends-loaderp.jpg]
[www.flashgamehacks.com/hacked/48-ultimate-douchebag-workout.html]
[www.flashgamehacks.com/img/ultimatedoucheworkout-loaderp.jpg]
[www.flashgamehacks.com/hacked/405-dead-zed-2.html]
[www.flashgamehacks.com/img/deadzed2p.jpg]
[www.flashgamehacks.com/hacked/135-sonic-smash-brothers.html]
[www.flashgamehacks.com/img/sonicsmashbrothers1p.jpg]
[www.flashgamehacks.com/hacked/213-intrusion-2.html]
[www.flashgamehacks.com/img/Intrusion2p.jpg]
[www.flashgamehacks.com/hacked/489-final-ninja.html]
[www.flashgamehacks.com/img/final-ninjap.jpg]
[www.flashgamehacks.com/hacked/241-paladog.html]
[www.flashgamehacks.com/img/paladogp.jpg]
[pagead2.googlesyndication.com/pagead/js/f.txt]
[www.flashgamehacks.com/hacked/70-ducklife-4.html]
[www.flashgamehacks.com/files/styleb6f5.html]
[connect.facebook.net/en_US/all.js]
[www.flashgamehacks.com/hacked/2-swords-and-sandals-2.html]
[www.flashgamehacks.com/hacked/17-the-last-stand-union-city.html]
[www.flashgamehacks.com/hacked/109-douchebag-workout-2.html]
[www.flashgamehacks.com/hacked/32-learn-to-fly-2.html]
[www.flashgamehacks.com/hacked/27-super-smash-flash.html]
[www.flashgamehacks.com/hacked/24-swords-and-sandals-3.html]
[www.flashgamehacks.com/hacked/1617-combat-tournament-legends-v-2-2.html]
[www.flashgamehacks.com/hacked/48-ultimate-douchebag-workout.html]
[www.flashgamehacks.com/hacked/405-dead-zed-2.html]
[www.flashgamehacks.com/hacked/135-sonic-smash-brothers.html]
[www.flashgamehacks.com/hacked/213-intrusion-2.html]
[www.flashgamehacks.com/hacked/489-final-ninja.html]
[www.flashgamehacks.com/hacked/241-paladog.html]
